<html>
<body>
<pre>
<h1>礦ision Build Log</h1>
<h2>Tool Versions:</h2>
IDE-Version: μVision V5.17.0.0
Copyright (C) 2015 ARM Ltd and ARM Germany GmbH. All rights reserved.
License Information: ll Microsoft, Microsoft, LIC=9WSNN-Y19Q4-Y85FK-ZK88H-CALNZ-38DW3
 
Tool Versions:
Toolchain:       MDK-ARM Standard  Version: 5.17
Toolchain Path:  D:\Program Files\Keil_v5\ARM\ARMCC\Bin
C Compiler:      Armcc.exe V5.06 update 1 (build 61)
Assembler:       Armasm.exe V5.06 update 1 (build 61)
Linker/Locator:  ArmLink.exe V5.06 update 1 (build 61)
Library Manager: ArmAr.exe V5.06 update 1 (build 61)
Hex Converter:   FromElf.exe V5.06 update 1 (build 61)
CPU DLL:         SARMCM3.DLL V5.17
Dialog DLL:      DCM.DLL V1.13.4.0
Target DLL:      STLink\ST-LINKIII-KEIL_SWO.dll V2.0.18.0
Dialog DLL:      TCM.DLL V1.14.6.0
 
<h2>Project:</h2>
G:\IAR\sonar\GY_US42资料包\stm32\STM32_Pulse\user\STM32_USART.uvprojx
Project File Date:  07/07/2017

<h2>Output:</h2>
*** Using Compiler 'V5.06 update 1 (build 61)', folder: 'D:\Program Files\Keil_v5\ARM\ARMCC\Bin'
Rebuild target 'STM32_USART'
assembling startup_stm32f10x_md.s...
compiling core_cm3.c...
compiling system_stm32f10x.c...
compiling stm32f10x_rcc.c...
compiling stm32f10x_usart.c...
compiling stm32f10x_gpio.c...
compiling misc.c...
compiling usart.c...
compiling stm32f10x_tim.c...
compiling delay.c...
..\Peripherals\src\delay.c(101): warning:  #1-D: last line of file ends without a newline
  }
..\Peripherals\src\delay.c: 1 warning, 0 errors
compiling stm32f10x_it.c...
compiling main.c...
main.c(78): warning:  #177-D: variable "sum" was declared but never referenced
    u8 sum=0,i=0;
main.c(78): warning:  #177-D: variable "i" was declared but never referenced
    u8 sum=0,i=0;
main.c(81): warning:  #177-D: variable "time" was declared but never referenced
  	float time=0;
main.c: 3 warnings, 0 errors
linking...
Program Size: Code=10200 RO-data=268 RW-data=72 ZI-data=1656  
"..\Output\STM32_USART.axf" - 0 Error(s), 4 Warning(s).

<h2>Collection of Component include folders:</h2>
  G:\IAR\sonar\GY_US42资料包\stm32\STM32_Pulse\user\RTE
  D:\Program Files\Keil_v5\ARM\PACK\Keil\STM32F1xx_DFP\2.1.0\Device\Include

<h2>Collection of Component Files used:</h2>
Build Time Elapsed:  00:00:02
</pre>
</body>
</html>
